INFO:     Will watch for changes in these directories: ['/Users/sejalgupta/Desktop/pexo/services/payroll-service']
INFO:     Uvicorn running on http://0.0.0.0:8003 (Press CTRL+C to quit)
INFO:     Started reloader process [17254] using WatchFiles
Process SpawnProcess-1:
Traceback (most recent call last):
  File "/opt/homebrew/Cellar/python@3.13/3.13.7/Frameworks/Python.framework/Versions/3.13/lib/python3.13/multiprocessing/process.py", line 313, in _bootstrap
    self.run()
    ~~~~~~~~^^
  File "/opt/homebrew/Cellar/python@3.13/3.13.7/Frameworks/Python.framework/Versions/3.13/lib/python3.13/multiprocessing/process.py", line 108, in run
    self._target(*self._args, **self._kwargs)
    ~~~~~~~~~~~~^^^^^^^^^^^^^^^^^^^^^^^^^^^^^
  File "/Users/sejalgupta/Desktop/pexo/services/payroll-service/.venv/lib/python3.13/site-packages/uvicorn/_subprocess.py", line 80, in subprocess_started
    target(sockets=sockets)
    ~~~~~~^^^^^^^^^^^^^^^^^
  File "/Users/sejalgupta/Desktop/pexo/services/payroll-service/.venv/lib/python3.13/site-packages/uvicorn/server.py", line 77, in run
    return asyncio_run(self.serve(sockets=sockets), loop_factory=self.config.get_loop_factory())
  File "/opt/homebrew/Cellar/python@3.13/3.13.7/Frameworks/Python.framework/Versions/3.13/lib/python3.13/asyncio/runners.py", line 195, in run
    return runner.run(main)
           ~~~~~~~~~~^^^^^^
  File "/opt/homebrew/Cellar/python@3.13/3.13.7/Frameworks/Python.framework/Versions/3.13/lib/python3.13/asyncio/runners.py", line 118, in run
    return self._loop.run_until_complete(task)
           ~~~~~~~~~~~~~~~~~~~~~~~~~~~~~^^^^^^
  File "uvloop/loop.pyx", line 1518, in uvloop.loop.Loop.run_until_complete
  File "/Users/sejalgupta/Desktop/pexo/services/payroll-service/.venv/lib/python3.13/site-packages/uvicorn/server.py", line 81, in serve
    await self._serve(sockets)
  File "/Users/sejalgupta/Desktop/pexo/services/payroll-service/.venv/lib/python3.13/site-packages/uvicorn/server.py", line 88, in _serve
    config.load()
    ~~~~~~~~~~~^^
  File "/Users/sejalgupta/Desktop/pexo/services/payroll-service/.venv/lib/python3.13/site-packages/uvicorn/config.py", line 494, in load
    self.loaded_app = self.load_app()
                      ~~~~~~~~~~~~~^^
  File "/Users/sejalgupta/Desktop/pexo/services/payroll-service/.venv/lib/python3.13/site-packages/uvicorn/config.py", line 428, in load_app
    return import_from_string(self.app)
  File "/Users/sejalgupta/Desktop/pexo/services/payroll-service/.venv/lib/python3.13/site-packages/uvicorn/importer.py", line 19, in import_from_string
    module = importlib.import_module(module_str)
  File "/opt/homebrew/Cellar/python@3.13/3.13.7/Frameworks/Python.framework/Versions/3.13/lib/python3.13/importlib/__init__.py", line 88, in import_module
    return _bootstrap._gcd_import(name[level:], package, level)
           ~~~~~~~~~~~~~~~~~~~~~~^^^^^^^^^^^^^^^^^^^^^^^^^^^^^^
  File "<frozen importlib._bootstrap>", line 1387, in _gcd_import
  File "<frozen importlib._bootstrap>", line 1360, in _find_and_load
  File "<frozen importlib._bootstrap>", line 1331, in _find_and_load_unlocked
  File "<frozen importlib._bootstrap>", line 935, in _load_unlocked
  File "<frozen importlib._bootstrap_external>", line 1026, in exec_module
  File "<frozen importlib._bootstrap>", line 488, in _call_with_frames_removed
  File "/Users/sejalgupta/Desktop/pexo/services/payroll-service/app/main.py", line 4, in <module>
    from app.routers import structures, rules, payruns, payslips
  File "/Users/sejalgupta/Desktop/pexo/services/payroll-service/app/routers/structures.py", line 4, in <module>
    from app.core.database import get_db
  File "/Users/sejalgupta/Desktop/pexo/services/payroll-service/app/core/database.py", line 2, in <module>
    from sqlalchemy.orm import DeclarativeBase, MetaData
ImportError: cannot import name 'MetaData' from 'sqlalchemy.orm' (/Users/sejalgupta/Desktop/pexo/services/payroll-service/.venv/lib/python3.13/site-packages/sqlalchemy/orm/__init__.py)
